// Jest Snapshot v1, https://goo.gl/fbAQLP

exports[`renders correctly 1`] = `
<View
  style={
    Object {
      "marginTop": 30,
    }
  }
>
  <View
    style={
      Object {
        "flexDirection": "row",
        "justifyContent": "space-between",
        "paddingVertical": 5,
      }
    }
  >
    <Text>
      Debit card spending limit
    </Text>
    <View
      style={
        Object {
          "flexDirection": "row",
        }
      }
    >
      <View>
        <Text
          style={
            Object {
              "color": "#01D167",
              "fontWeight": "bold",
            }
          }
        >
          S$undefined
        </Text>
      </View>
      <View
        style={
          Object {
            "backgroundColor": "#909090",
            "height": "70%",
            "marginHorizontal": 10,
            "width": 1,
          }
        }
      />
      <View>
        <Text
          style={
            Object {
              "opacity": 0.5,
            }
          }
        >
          S$undefined
        </Text>
      </View>
    </View>
  </View>
  <View
    style={
      Object {
        "backgroundColor": "white",
        "borderColor": "#01D167",
        "borderRadius": 20,
        "borderWidth": 2,
        "flexDirection": "row",
        "height": 20,
        "width": "100%",
      }
    }
  >
    <View
      style={
        Object {
          "backgroundColor": "#01D167",
          "width": "0%",
        }
      }
    />
  </View>
</View>
`;
